[0.267s] DEBUG:colcon:Command line arguments: ['/usr/bin/colcon', 'build']
[0.268s] DEBUG:colcon:Parsed command line arguments: Namespace(log_base=None, log_level=None, verb_name='build', build_base='build', install_base='install', merge_install=False, symlink_install=False, test_result_base=None, continue_on_error=False, executor='parallel', parallel_workers=16, event_handlers=None, ignore_user_meta=False, metas=['./colcon.meta'], base_paths=['.'], packages_ignore=None, packages_ignore_regex=None, paths=None, packages_up_to=None, packages_up_to_regex=None, packages_above=None, packages_above_and_dependencies=None, packages_above_depth=None, packages_select_by_dep=None, packages_skip_by_dep=None, packages_skip_up_to=None, packages_select_build_failed=False, packages_skip_build_finished=False, packages_select_test_failures=False, packages_skip_test_passed=False, packages_select=None, packages_skip=None, packages_select_regex=None, packages_skip_regex=None, packages_start=None, packages_end=None, allow_overriding=[], cmake_args=None, cmake_target=None, cmake_target_skip_unavailable=False, cmake_clean_cache=False, cmake_clean_first=False, cmake_force_configure=False, ament_cmake_args=None, catkin_cmake_args=None, catkin_skip_building_tests=False, verb_parser=<colcon_defaults.argument_parser.defaults.DefaultArgumentsDecorator object at 0x74df45a226b0>, verb_extension=<colcon_core.verb.build.BuildVerb object at 0x74df45a21ff0>, main=<bound method BuildVerb.main of <colcon_core.verb.build.BuildVerb object at 0x74df45a21ff0>>)
[2.964s] Level 1:colcon.colcon_core.package_discovery:discover_packages(colcon_meta) check parameters
[2.965s] Level 1:colcon.colcon_core.package_discovery:discover_packages(recursive) check parameters
[2.965s] Level 1:colcon.colcon_core.package_discovery:discover_packages(ignore) check parameters
[2.965s] Level 1:colcon.colcon_core.package_discovery:discover_packages(path) check parameters
[2.965s] Level 1:colcon.colcon_core.package_discovery:discover_packages(colcon_meta) discover
[2.965s] Level 1:colcon.colcon_core.package_discovery:discover_packages(recursive) discover
[2.965s] INFO:colcon.colcon_core.package_discovery:Crawling recursively for packages in '/home/omardahy/omar_ws/src/my_robot_description'
[2.965s] Level 1:colcon.colcon_core.package_identification:_identify(.) by extensions ['ignore', 'ignore_ament_install']
[2.965s] Level 1:colcon.colcon_core.package_identification:_identify(.) by extension 'ignore'
[2.965s] Level 1:colcon.colcon_core.package_identification:_identify(.) by extension 'ignore_ament_install'
[2.966s] Level 1:colcon.colcon_core.package_identification:_identify(.) by extensions ['colcon_pkg']
[2.966s] Level 1:colcon.colcon_core.package_identification:_identify(.) by extension 'colcon_pkg'
[2.966s] Level 1:colcon.colcon_core.package_identification:_identify(.) by extensions ['colcon_meta']
[2.966s] Level 1:colcon.colcon_core.package_identification:_identify(.) by extension 'colcon_meta'
[2.966s] Level 1:colcon.colcon_core.package_identification:_identify(.) by extensions ['ros']
[2.966s] Level 1:colcon.colcon_core.package_identification:_identify(.) by extension 'ros'
[3.061s] DEBUG:colcon.colcon_core.package_identification:Package '.' with type 'ros.ament_cmake' and name 'my_robot_description'
[3.061s] Level 1:colcon.colcon_core.package_discovery:discover_packages(recursive) using defaults
[3.061s] Level 1:colcon.colcon_core.package_discovery:discover_packages(ignore) discover
[3.061s] Level 1:colcon.colcon_core.package_discovery:discover_packages(ignore) using defaults
[3.061s] Level 1:colcon.colcon_core.package_discovery:discover_packages(path) discover
[3.061s] Level 1:colcon.colcon_core.package_discovery:discover_packages(path) using defaults
[3.217s] Level 1:colcon.colcon_core.package_discovery:discover_packages(prefix_path) check parameters
[3.217s] Level 1:colcon.colcon_core.package_discovery:discover_packages(prefix_path) discover
[3.231s] DEBUG:colcon.colcon_installed_package_information.package_discovery:Found 2 installed packages in /home/omardahy/omar_ws/install
[3.234s] DEBUG:colcon.colcon_installed_package_information.package_discovery:Found 276 installed packages in /opt/ros/humble
[3.237s] Level 1:colcon.colcon_core.package_discovery:discover_packages(prefix_path) using defaults
[3.355s] Level 5:colcon.colcon_core.verb:set package 'my_robot_description' build argument 'cmake_args' from command line to 'None'
[3.355s] Level 5:colcon.colcon_core.verb:set package 'my_robot_description' build argument 'cmake_target' from command line to 'None'
[3.355s] Level 5:colcon.colcon_core.verb:set package 'my_robot_description' build argument 'cmake_target_skip_unavailable' from command line to 'False'
[3.355s] Level 5:colcon.colcon_core.verb:set package 'my_robot_description' build argument 'cmake_clean_cache' from command line to 'False'
[3.355s] Level 5:colcon.colcon_core.verb:set package 'my_robot_description' build argument 'cmake_clean_first' from command line to 'False'
[3.355s] Level 5:colcon.colcon_core.verb:set package 'my_robot_description' build argument 'cmake_force_configure' from command line to 'False'
[3.355s] Level 5:colcon.colcon_core.verb:set package 'my_robot_description' build argument 'ament_cmake_args' from command line to 'None'
[3.355s] Level 5:colcon.colcon_core.verb:set package 'my_robot_description' build argument 'catkin_cmake_args' from command line to 'None'
[3.355s] Level 5:colcon.colcon_core.verb:set package 'my_robot_description' build argument 'catkin_skip_building_tests' from command line to 'False'
[3.355s] DEBUG:colcon.colcon_core.verb:Building package 'my_robot_description' with the following arguments: {'ament_cmake_args': None, 'build_base': '/home/omardahy/omar_ws/src/my_robot_description/build/my_robot_description', 'catkin_cmake_args': None, 'catkin_skip_building_tests': False, 'cmake_args': None, 'cmake_clean_cache': False, 'cmake_clean_first': False, 'cmake_force_configure': False, 'cmake_target': None, 'cmake_target_skip_unavailable': False, 'install_base': '/home/omardahy/omar_ws/src/my_robot_description/install/my_robot_description', 'merge_install': False, 'path': '/home/omardahy/omar_ws/src/my_robot_description', 'symlink_install': False, 'test_result_base': None}
[3.355s] INFO:colcon.colcon_core.executor:Executing jobs using 'parallel' executor
[3.357s] DEBUG:colcon.colcon_parallel_executor.executor.parallel:run_until_complete
[3.360s] INFO:colcon.colcon_ros.task.ament_cmake.build:Building ROS package in '/home/omardahy/omar_ws/src/my_robot_description' with build type 'ament_cmake'
[3.361s] INFO:colcon.colcon_cmake.task.cmake.build:Building CMake package in '/home/omardahy/omar_ws/src/my_robot_description'
[3.379s] INFO:colcon.colcon_core.plugin_system:Skipping extension 'colcon_core.shell.bat': Not used on non-Windows systems
[3.380s] INFO:colcon.colcon_core.shell:Skip shell extension 'powershell' for command environment: Not usable outside of PowerShell
[3.380s] DEBUG:colcon.colcon_core.shell:Skip shell extension 'dsv' for command environment
[3.397s] DEBUG:colcon.colcon_core.event_handler.log_command:Invoking command in '/home/omardahy/omar_ws/src/my_robot_description/build/my_robot_description': CMAKE_PREFIX_PATH=${CMAKE_PREFIX_PATH}:/opt/ros/humble /usr/bin/cmake /home/omardahy/omar_ws/src/my_robot_description -DCMAKE_INSTALL_PREFIX=/home/omardahy/omar_ws/src/my_robot_description/install/my_robot_description
[7.893s] DEBUG:colcon.colcon_core.event_handler.log_command:Invoked command in '/home/omardahy/omar_ws/src/my_robot_description/build/my_robot_description' returned '0': CMAKE_PREFIX_PATH=${CMAKE_PREFIX_PATH}:/opt/ros/humble /usr/bin/cmake /home/omardahy/omar_ws/src/my_robot_description -DCMAKE_INSTALL_PREFIX=/home/omardahy/omar_ws/src/my_robot_description/install/my_robot_description
[7.894s] DEBUG:colcon.colcon_core.event_handler.log_command:Invoking command in '/home/omardahy/omar_ws/src/my_robot_description/build/my_robot_description': CMAKE_PREFIX_PATH=${CMAKE_PREFIX_PATH}:/opt/ros/humble /usr/bin/cmake --build /home/omardahy/omar_ws/src/my_robot_description/build/my_robot_description -- -j16 -l16
[7.969s] DEBUG:colcon.colcon_core.event_handler.log_command:Invoked command in '/home/omardahy/omar_ws/src/my_robot_description/build/my_robot_description' returned '0': CMAKE_PREFIX_PATH=${CMAKE_PREFIX_PATH}:/opt/ros/humble /usr/bin/cmake --build /home/omardahy/omar_ws/src/my_robot_description/build/my_robot_description -- -j16 -l16
[7.989s] DEBUG:colcon.colcon_core.event_handler.log_command:Invoking command in '/home/omardahy/omar_ws/src/my_robot_description/build/my_robot_description': CMAKE_PREFIX_PATH=${CMAKE_PREFIX_PATH}:/opt/ros/humble /usr/bin/cmake --install /home/omardahy/omar_ws/src/my_robot_description/build/my_robot_description
[9.515s] Level 1:colcon.colcon_core.environment:create_environment_scripts_only(my_robot_description)
[9.516s] DEBUG:colcon.colcon_core.event_handler.log_command:Invoked command in '/home/omardahy/omar_ws/src/my_robot_description/build/my_robot_description' returned '0': CMAKE_PREFIX_PATH=${CMAKE_PREFIX_PATH}:/opt/ros/humble /usr/bin/cmake --install /home/omardahy/omar_ws/src/my_robot_description/build/my_robot_description
[9.547s] Level 1:colcon.colcon_core.environment:checking '/home/omardahy/omar_ws/src/my_robot_description/install/my_robot_description' for CMake module files
[9.549s] Level 1:colcon.colcon_core.environment:checking '/home/omardahy/omar_ws/src/my_robot_description/install/my_robot_description' for CMake config files
[9.549s] Level 1:colcon.colcon_core.shell:create_environment_hook('my_robot_description', 'cmake_prefix_path')
[9.550s] INFO:colcon.colcon_core.shell:Creating environment hook '/home/omardahy/omar_ws/src/my_robot_description/install/my_robot_description/share/my_robot_description/hook/cmake_prefix_path.ps1'
[9.564s] INFO:colcon.colcon_core.shell:Creating environment descriptor '/home/omardahy/omar_ws/src/my_robot_description/install/my_robot_description/share/my_robot_description/hook/cmake_prefix_path.dsv'
[9.566s] INFO:colcon.colcon_core.shell:Creating environment hook '/home/omardahy/omar_ws/src/my_robot_description/install/my_robot_description/share/my_robot_description/hook/cmake_prefix_path.sh'
[9.569s] Level 1:colcon.colcon_core.environment:checking '/home/omardahy/omar_ws/src/my_robot_description/install/my_robot_description/bin'
[9.569s] Level 1:colcon.colcon_core.environment:checking '/home/omardahy/omar_ws/src/my_robot_description/install/my_robot_description/lib/pkgconfig/my_robot_description.pc'
[9.569s] Level 1:colcon.colcon_core.environment:checking '/home/omardahy/omar_ws/src/my_robot_description/install/my_robot_description/lib/python3.10/site-packages'
[9.570s] Level 1:colcon.colcon_core.environment:checking '/home/omardahy/omar_ws/src/my_robot_description/install/my_robot_description/bin'
[9.570s] INFO:colcon.colcon_core.shell:Creating package script '/home/omardahy/omar_ws/src/my_robot_description/install/my_robot_description/share/my_robot_description/package.ps1'
[9.573s] INFO:colcon.colcon_core.shell:Creating package descriptor '/home/omardahy/omar_ws/src/my_robot_description/install/my_robot_description/share/my_robot_description/package.dsv'
[9.575s] INFO:colcon.colcon_core.shell:Creating package script '/home/omardahy/omar_ws/src/my_robot_description/install/my_robot_description/share/my_robot_description/package.sh'
[9.578s] INFO:colcon.colcon_core.shell:Creating package script '/home/omardahy/omar_ws/src/my_robot_description/install/my_robot_description/share/my_robot_description/package.bash'
[9.589s] INFO:colcon.colcon_core.shell:Creating package script '/home/omardahy/omar_ws/src/my_robot_description/install/my_robot_description/share/my_robot_description/package.zsh'
[9.597s] Level 1:colcon.colcon_core.environment:create_file_with_runtime_dependencies(/home/omardahy/omar_ws/src/my_robot_description/install/my_robot_description/share/colcon-core/packages/my_robot_description)
[9.599s] Level 1:colcon.colcon_core.environment:create_environment_scripts_only(my_robot_description)
[9.599s] Level 1:colcon.colcon_core.environment:checking '/home/omardahy/omar_ws/src/my_robot_description/install/my_robot_description' for CMake module files
[9.600s] Level 1:colcon.colcon_core.environment:checking '/home/omardahy/omar_ws/src/my_robot_description/install/my_robot_description' for CMake config files
[9.601s] Level 1:colcon.colcon_core.shell:create_environment_hook('my_robot_description', 'cmake_prefix_path')
[9.601s] INFO:colcon.colcon_core.shell:Creating environment hook '/home/omardahy/omar_ws/src/my_robot_description/install/my_robot_description/share/my_robot_description/hook/cmake_prefix_path.ps1'
[9.602s] INFO:colcon.colcon_core.shell:Creating environment descriptor '/home/omardahy/omar_ws/src/my_robot_description/install/my_robot_description/share/my_robot_description/hook/cmake_prefix_path.dsv'
[9.603s] INFO:colcon.colcon_core.shell:Creating environment hook '/home/omardahy/omar_ws/src/my_robot_description/install/my_robot_description/share/my_robot_description/hook/cmake_prefix_path.sh'
[9.604s] Level 1:colcon.colcon_core.environment:checking '/home/omardahy/omar_ws/src/my_robot_description/install/my_robot_description/bin'
[9.604s] Level 1:colcon.colcon_core.environment:checking '/home/omardahy/omar_ws/src/my_robot_description/install/my_robot_description/lib/pkgconfig/my_robot_description.pc'
[9.604s] Level 1:colcon.colcon_core.environment:checking '/home/omardahy/omar_ws/src/my_robot_description/install/my_robot_description/lib/python3.10/site-packages'
[9.605s] Level 1:colcon.colcon_core.environment:checking '/home/omardahy/omar_ws/src/my_robot_description/install/my_robot_description/bin'
[9.605s] INFO:colcon.colcon_core.shell:Creating package script '/home/omardahy/omar_ws/src/my_robot_description/install/my_robot_description/share/my_robot_description/package.ps1'
[9.606s] INFO:colcon.colcon_core.shell:Creating package descriptor '/home/omardahy/omar_ws/src/my_robot_description/install/my_robot_description/share/my_robot_description/package.dsv'
[9.607s] INFO:colcon.colcon_core.shell:Creating package script '/home/omardahy/omar_ws/src/my_robot_description/install/my_robot_description/share/my_robot_description/package.sh'
[9.608s] INFO:colcon.colcon_core.shell:Creating package script '/home/omardahy/omar_ws/src/my_robot_description/install/my_robot_description/share/my_robot_description/package.bash'
[9.609s] INFO:colcon.colcon_core.shell:Creating package script '/home/omardahy/omar_ws/src/my_robot_description/install/my_robot_description/share/my_robot_description/package.zsh'
[9.610s] Level 1:colcon.colcon_core.environment:create_file_with_runtime_dependencies(/home/omardahy/omar_ws/src/my_robot_description/install/my_robot_description/share/colcon-core/packages/my_robot_description)
[9.610s] DEBUG:colcon.colcon_parallel_executor.executor.parallel:closing loop
[9.611s] DEBUG:colcon.colcon_parallel_executor.executor.parallel:loop closed
[9.611s] DEBUG:colcon.colcon_parallel_executor.executor.parallel:run_until_complete finished with '0'
[9.611s] DEBUG:colcon.colcon_core.event_reactor:joining thread
[9.629s] INFO:colcon.colcon_core.plugin_system:Skipping extension 'colcon_notification.desktop_notification.terminal_notifier': Not used on non-Darwin systems
[9.629s] INFO:colcon.colcon_core.plugin_system:Skipping extension 'colcon_notification.desktop_notification.win32': Not used on non-Windows systems
[9.629s] INFO:colcon.colcon_notification.desktop_notification:Sending desktop notification using 'notify2'
[9.668s] DEBUG:colcon.colcon_core.event_reactor:joined thread
[9.669s] INFO:colcon.colcon_core.shell:Creating prefix script '/home/omardahy/omar_ws/src/my_robot_description/install/local_setup.ps1'
[9.674s] INFO:colcon.colcon_core.shell:Creating prefix util module '/home/omardahy/omar_ws/src/my_robot_description/install/_local_setup_util_ps1.py'
[9.683s] INFO:colcon.colcon_core.shell:Creating prefix chain script '/home/omardahy/omar_ws/src/my_robot_description/install/setup.ps1'
[9.687s] INFO:colcon.colcon_core.shell:Creating prefix script '/home/omardahy/omar_ws/src/my_robot_description/install/local_setup.sh'
[9.690s] INFO:colcon.colcon_core.shell:Creating prefix util module '/home/omardahy/omar_ws/src/my_robot_description/install/_local_setup_util_sh.py'
[9.691s] INFO:colcon.colcon_core.shell:Creating prefix chain script '/home/omardahy/omar_ws/src/my_robot_description/install/setup.sh'
[9.694s] INFO:colcon.colcon_core.shell:Creating prefix script '/home/omardahy/omar_ws/src/my_robot_description/install/local_setup.bash'
[9.696s] INFO:colcon.colcon_core.shell:Creating prefix chain script '/home/omardahy/omar_ws/src/my_robot_description/install/setup.bash'
[9.699s] INFO:colcon.colcon_core.shell:Creating prefix script '/home/omardahy/omar_ws/src/my_robot_description/install/local_setup.zsh'
[9.702s] INFO:colcon.colcon_core.shell:Creating prefix chain script '/home/omardahy/omar_ws/src/my_robot_description/install/setup.zsh'
