-- Install configuration: ""
-- Up-to-date: /home/omardahy/omar_ws/src/my_robot_description/install/my_robot_description/share/my_robot_description/meshes
-- Up-to-date: /home/omardahy/omar_ws/src/my_robot_description/install/my_robot_description/share/my_robot_description/meshes/caster_front_link.STL
-- Up-to-date: /home/omardahy/omar_ws/src/my_robot_description/install/my_robot_description/share/my_robot_description/meshes/base_link.STL
-- Up-to-date: /home/omardahy/omar_ws/src/my_robot_description/install/my_robot_description/share/my_robot_description/meshes/imu_link.STL
-- Up-to-date: /home/omardahy/omar_ws/src/my_robot_description/install/my_robot_description/share/my_robot_description/meshes/wheel_left_link.STL
-- Up-to-date: /home/omardahy/omar_ws/src/my_robot_description/install/my_robot_description/share/my_robot_description/meshes/wheel_right_link.STL
-- Up-to-date: /home/omardahy/omar_ws/src/my_robot_description/install/my_robot_description/share/my_robot_description/meshes/caster_rear_link.STL
-- Up-to-date: /home/omardahy/omar_ws/src/my_robot_description/install/my_robot_description/share/my_robot_description/urdf
-- Up-to-date: /home/omardahy/omar_ws/src/my_robot_description/install/my_robot_description/share/my_robot_description/urdf/my_robot_ros2_control.xacro
-- Up-to-date: /home/omardahy/omar_ws/src/my_robot_description/install/my_robot_description/share/my_robot_description/urdf/my_robot_gazebo.xacro
-- Up-to-date: /home/omardahy/omar_ws/src/my_robot_description/install/my_robot_description/share/my_robot_description/urdf/robot_urdf.xacro
-- Up-to-date: /home/omardahy/omar_ws/src/my_robot_description/install/my_robot_description/share/my_robot_description/launch
-- Up-to-date: /home/omardahy/omar_ws/src/my_robot_description/install/my_robot_description/share/my_robot_description/launch/dispaly.launch.py
-- Up-to-date: /home/omardahy/omar_ws/src/my_robot_description/install/my_robot_description/share/my_robot_description/launch/gazebo.launch.py
-- Up-to-date: /home/omardahy/omar_ws/src/my_robot_description/install/my_robot_description/share/my_robot_description/rviz
-- Up-to-date: /home/omardahy/omar_ws/src/my_robot_description/install/my_robot_description/share/my_robot_description/rviz/default.rviz
-- Up-to-date: /home/omardahy/omar_ws/src/my_robot_description/install/my_robot_description/share/my_robot_description/models
-- Up-to-date: /home/omardahy/omar_ws/src/my_robot_description/install/my_robot_description/share/my_robot_description/models/ground_plane
-- Up-to-date: /home/omardahy/omar_ws/src/my_robot_description/install/my_robot_description/share/my_robot_description/models/ground_plane/model-1_3.sdf
-- Up-to-date: /home/omardahy/omar_ws/src/my_robot_description/install/my_robot_description/share/my_robot_description/models/ground_plane/model-1_4.sdf
-- Up-to-date: /home/omardahy/omar_ws/src/my_robot_description/install/my_robot_description/share/my_robot_description/models/ground_plane/model.sdf
-- Up-to-date: /home/omardahy/omar_ws/src/my_robot_description/install/my_robot_description/share/my_robot_description/models/ground_plane/model.config
-- Up-to-date: /home/omardahy/omar_ws/src/my_robot_description/install/my_robot_description/share/my_robot_description/models/ground_plane/model-1_2.sdf
-- Up-to-date: /home/omardahy/omar_ws/src/my_robot_description/install/my_robot_description/share/my_robot_description/models/sun
-- Up-to-date: /home/omardahy/omar_ws/src/my_robot_description/install/my_robot_description/share/my_robot_description/models/sun/model-1_3.sdf
-- Up-to-date: /home/omardahy/omar_ws/src/my_robot_description/install/my_robot_description/share/my_robot_description/models/sun/model-1_4.sdf
-- Up-to-date: /home/omardahy/omar_ws/src/my_robot_description/install/my_robot_description/share/my_robot_description/models/sun/model.sdf
-- Up-to-date: /home/omardahy/omar_ws/src/my_robot_description/install/my_robot_description/share/my_robot_description/models/sun/model.config
-- Up-to-date: /home/omardahy/omar_ws/src/my_robot_description/install/my_robot_description/share/my_robot_description/models/sun/model-1_2.sdf
-- Up-to-date: /home/omardahy/omar_ws/src/my_robot_description/install/my_robot_description/share/ament_index/resource_index/package_run_dependencies/my_robot_description
-- Up-to-date: /home/omardahy/omar_ws/src/my_robot_description/install/my_robot_description/share/ament_index/resource_index/parent_prefix_path/my_robot_description
-- Up-to-date: /home/omardahy/omar_ws/src/my_robot_description/install/my_robot_description/share/my_robot_description/environment/ament_prefix_path.sh
-- Up-to-date: /home/omardahy/omar_ws/src/my_robot_description/install/my_robot_description/share/my_robot_description/environment/ament_prefix_path.dsv
-- Up-to-date: /home/omardahy/omar_ws/src/my_robot_description/install/my_robot_description/share/my_robot_description/environment/path.sh
-- Up-to-date: /home/omardahy/omar_ws/src/my_robot_description/install/my_robot_description/share/my_robot_description/environment/path.dsv
-- Up-to-date: /home/omardahy/omar_ws/src/my_robot_description/install/my_robot_description/share/my_robot_description/local_setup.bash
-- Up-to-date: /home/omardahy/omar_ws/src/my_robot_description/install/my_robot_description/share/my_robot_description/local_setup.sh
-- Up-to-date: /home/omardahy/omar_ws/src/my_robot_description/install/my_robot_description/share/my_robot_description/local_setup.zsh
-- Up-to-date: /home/omardahy/omar_ws/src/my_robot_description/install/my_robot_description/share/my_robot_description/local_setup.dsv
-- Up-to-date: /home/omardahy/omar_ws/src/my_robot_description/install/my_robot_description/share/my_robot_description/package.dsv
-- Up-to-date: /home/omardahy/omar_ws/src/my_robot_description/install/my_robot_description/share/ament_index/resource_index/packages/my_robot_description
-- Up-to-date: /home/omardahy/omar_ws/src/my_robot_description/install/my_robot_description/share/my_robot_description/cmake/my_robot_descriptionConfig.cmake
-- Up-to-date: /home/omardahy/omar_ws/src/my_robot_description/install/my_robot_description/share/my_robot_description/cmake/my_robot_descriptionConfig-version.cmake
-- Up-to-date: /home/omardahy/omar_ws/src/my_robot_description/install/my_robot_description/share/my_robot_description/package.xml
