[0.021s] Invoking command in '/home/omardahy/omar_ws/src/my_robot_description/build/my_robot_description': CMAKE_PREFIX_PATH=${CMAKE_PREFIX_PATH}:/opt/ros/humble /usr/bin/cmake --build /home/omardahy/omar_ws/src/my_robot_description/build/my_robot_description -- -j16 -l16
[0.096s] Invoked command in '/home/omardahy/omar_ws/src/my_robot_description/build/my_robot_description' returned '0': CMAKE_PREFIX_PATH=${CMAKE_PREFIX_PATH}:/opt/ros/humble /usr/bin/cmake --build /home/omardahy/omar_ws/src/my_robot_description/build/my_robot_description -- -j16 -l16
[0.116s] Invoking command in '/home/omardahy/omar_ws/src/my_robot_description/build/my_robot_description': CMAKE_PREFIX_PATH=${CMAKE_PREFIX_PATH}:/opt/ros/humble /usr/bin/cmake --install /home/omardahy/omar_ws/src/my_robot_description/build/my_robot_description
[0.131s] -- Install configuration: ""
[0.131s] -- Up-to-date: /home/omardahy/omar_ws/src/my_robot_description/install/my_robot_description/share/my_robot_description/meshes
[0.132s] -- Up-to-date: /home/omardahy/omar_ws/src/my_robot_description/install/my_robot_description/share/my_robot_description/meshes/caster_front_link.STL
[0.132s] -- Up-to-date: /home/omardahy/omar_ws/src/my_robot_description/install/my_robot_description/share/my_robot_description/meshes/base_link.STL
[0.132s] -- Up-to-date: /home/omardahy/omar_ws/src/my_robot_description/install/my_robot_description/share/my_robot_description/meshes/imu_link.STL
[0.132s] -- Up-to-date: /home/omardahy/omar_ws/src/my_robot_description/install/my_robot_description/share/my_robot_description/meshes/wheel_left_link.STL
[0.133s] -- Up-to-date: /home/omardahy/omar_ws/src/my_robot_description/install/my_robot_description/share/my_robot_description/meshes/wheel_right_link.STL
[0.133s] -- Up-to-date: /home/omardahy/omar_ws/src/my_robot_description/install/my_robot_description/share/my_robot_description/meshes/caster_rear_link.STL
[0.133s] -- Up-to-date: /home/omardahy/omar_ws/src/my_robot_description/install/my_robot_description/share/my_robot_description/urdf
[0.134s] -- Up-to-date: /home/omardahy/omar_ws/src/my_robot_description/install/my_robot_description/share/my_robot_description/urdf/my_robot_ros2_control.xacro
[0.134s] -- Up-to-date: /home/omardahy/omar_ws/src/my_robot_description/install/my_robot_description/share/my_robot_description/urdf/my_robot_gazebo.xacro
[0.134s] -- Up-to-date: /home/omardahy/omar_ws/src/my_robot_description/install/my_robot_description/share/my_robot_description/urdf/robot_urdf.xacro
[0.134s] -- Up-to-date: /home/omardahy/omar_ws/src/my_robot_description/install/my_robot_description/share/my_robot_description/launch
[0.135s] -- Up-to-date: /home/omardahy/omar_ws/src/my_robot_description/install/my_robot_description/share/my_robot_description/launch/dispaly.launch.py
[0.135s] -- Up-to-date: /home/omardahy/omar_ws/src/my_robot_description/install/my_robot_description/share/my_robot_description/launch/gazebo.launch.py
[0.135s] -- Up-to-date: /home/omardahy/omar_ws/src/my_robot_description/install/my_robot_description/share/my_robot_description/rviz
[0.135s] -- Up-to-date: /home/omardahy/omar_ws/src/my_robot_description/install/my_robot_description/share/my_robot_description/rviz/default.rviz
[0.136s] -- Up-to-date: /home/omardahy/omar_ws/src/my_robot_description/install/my_robot_description/share/my_robot_description/models
[0.136s] -- Up-to-date: /home/omardahy/omar_ws/src/my_robot_description/install/my_robot_description/share/my_robot_description/models/ground_plane
[0.136s] -- Up-to-date: /home/omardahy/omar_ws/src/my_robot_description/install/my_robot_description/share/my_robot_description/models/ground_plane/model-1_3.sdf
[0.136s] -- Up-to-date: /home/omardahy/omar_ws/src/my_robot_description/install/my_robot_description/share/my_robot_description/models/ground_plane/model-1_4.sdf
[0.137s] -- Up-to-date: /home/omardahy/omar_ws/src/my_robot_description/install/my_robot_description/share/my_robot_description/models/ground_plane/model.sdf
[0.137s] -- Up-to-date: /home/omardahy/omar_ws/src/my_robot_description/install/my_robot_description/share/my_robot_description/models/ground_plane/model.config
[0.137s] -- Up-to-date: /home/omardahy/omar_ws/src/my_robot_description/install/my_robot_description/share/my_robot_description/models/ground_plane/model-1_2.sdf
[0.137s] -- Up-to-date: /home/omardahy/omar_ws/src/my_robot_description/install/my_robot_description/share/my_robot_description/models/sun
[0.137s] -- Up-to-date: /home/omardahy/omar_ws/src/my_robot_description/install/my_robot_description/share/my_robot_description/models/sun/model-1_3.sdf
[0.137s] -- Up-to-date: /home/omardahy/omar_ws/src/my_robot_description/install/my_robot_description/share/my_robot_description/models/sun/model-1_4.sdf
[0.137s] -- Up-to-date: /home/omardahy/omar_ws/src/my_robot_description/install/my_robot_description/share/my_robot_description/models/sun/model.sdf
[0.138s] -- Up-to-date: /home/omardahy/omar_ws/src/my_robot_description/install/my_robot_description/share/my_robot_description/models/sun/model.config
[0.138s] -- Up-to-date: /home/omardahy/omar_ws/src/my_robot_description/install/my_robot_description/share/my_robot_description/models/sun/model-1_2.sdf
[0.138s] -- Up-to-date: /home/omardahy/omar_ws/src/my_robot_description/install/my_robot_description/share/ament_index/resource_index/package_run_dependencies/my_robot_description
[0.138s] -- Up-to-date: /home/omardahy/omar_ws/src/my_robot_description/install/my_robot_description/share/ament_index/resource_index/parent_prefix_path/my_robot_description
[0.138s] -- Up-to-date: /home/omardahy/omar_ws/src/my_robot_description/install/my_robot_description/share/my_robot_description/environment/ament_prefix_path.sh
[0.138s] -- Up-to-date: /home/omardahy/omar_ws/src/my_robot_description/install/my_robot_description/share/my_robot_description/environment/ament_prefix_path.dsv
[0.139s] -- Up-to-date: /home/omardahy/omar_ws/src/my_robot_description/install/my_robot_description/share/my_robot_description/environment/path.sh
[0.139s] -- Up-to-date: /home/omardahy/omar_ws/src/my_robot_description/install/my_robot_description/share/my_robot_description/environment/path.dsv
[0.139s] -- Up-to-date: /home/omardahy/omar_ws/src/my_robot_description/install/my_robot_description/share/my_robot_description/local_setup.bash
[0.139s] -- Up-to-date: /home/omardahy/omar_ws/src/my_robot_description/install/my_robot_description/share/my_robot_description/local_setup.sh
[0.140s] -- Up-to-date: /home/omardahy/omar_ws/src/my_robot_description/install/my_robot_description/share/my_robot_description/local_setup.zsh
[0.140s] -- Up-to-date: /home/omardahy/omar_ws/src/my_robot_description/install/my_robot_description/share/my_robot_description/local_setup.dsv
[0.140s] -- Up-to-date: /home/omardahy/omar_ws/src/my_robot_description/install/my_robot_description/share/my_robot_description/package.dsv
[0.140s] -- Up-to-date: /home/omardahy/omar_ws/src/my_robot_description/install/my_robot_description/share/ament_index/resource_index/packages/my_robot_description
[0.141s] -- Up-to-date: /home/omardahy/omar_ws/src/my_robot_description/install/my_robot_description/share/my_robot_description/cmake/my_robot_descriptionConfig.cmake
[0.141s] -- Up-to-date: /home/omardahy/omar_ws/src/my_robot_description/install/my_robot_description/share/my_robot_description/cmake/my_robot_descriptionConfig-version.cmake
[0.141s] -- Up-to-date: /home/omardahy/omar_ws/src/my_robot_description/install/my_robot_description/share/my_robot_description/package.xml
[0.144s] Invoked command in '/home/omardahy/omar_ws/src/my_robot_description/build/my_robot_description' returned '0': CMAKE_PREFIX_PATH=${CMAKE_PREFIX_PATH}:/opt/ros/humble /usr/bin/cmake --install /home/omardahy/omar_ws/src/my_robot_description/build/my_robot_description
