[0.228s] DEBUG:colcon:Command line arguments: ['/usr/bin/colcon', 'build']
[0.229s] DEBUG:colcon:Parsed command line arguments: Namespace(log_base=None, log_level=None, verb_name='build', build_base='build', install_base='install', merge_install=False, symlink_install=False, test_result_base=None, continue_on_error=False, executor='parallel', parallel_workers=16, event_handlers=None, ignore_user_meta=False, metas=['./colcon.meta'], base_paths=['.'], packages_ignore=None, packages_ignore_regex=None, paths=None, packages_up_to=None, packages_up_to_regex=None, packages_above=None, packages_above_and_dependencies=None, packages_above_depth=None, packages_select_by_dep=None, packages_skip_by_dep=None, packages_skip_up_to=None, packages_select_build_failed=False, packages_skip_build_finished=False, packages_select_test_failures=False, packages_skip_test_passed=False, packages_select=None, packages_skip=None, packages_select_regex=None, packages_skip_regex=None, packages_start=None, packages_end=None, allow_overriding=[], cmake_args=None, cmake_target=None, cmake_target_skip_unavailable=False, cmake_clean_cache=False, cmake_clean_first=False, cmake_force_configure=False, ament_cmake_args=None, catkin_cmake_args=None, catkin_skip_building_tests=False, verb_parser=<colcon_defaults.argument_parser.defaults.DefaultArgumentsDecorator object at 0x7091ad746e00>, verb_extension=<colcon_core.verb.build.BuildVerb object at 0x7091ad746740>, main=<bound method BuildVerb.main of <colcon_core.verb.build.BuildVerb object at 0x7091ad746740>>)
[0.644s] Level 1:colcon.colcon_core.package_discovery:discover_packages(colcon_meta) check parameters
[0.644s] Level 1:colcon.colcon_core.package_discovery:discover_packages(recursive) check parameters
[0.644s] Level 1:colcon.colcon_core.package_discovery:discover_packages(ignore) check parameters
[0.644s] Level 1:colcon.colcon_core.package_discovery:discover_packages(path) check parameters
[0.644s] Level 1:colcon.colcon_core.package_discovery:discover_packages(colcon_meta) discover
[0.644s] Level 1:colcon.colcon_core.package_discovery:discover_packages(recursive) discover
[0.644s] INFO:colcon.colcon_core.package_discovery:Crawling recursively for packages in '/home/omardahy/omar_ws/src/my_robot_description'
[0.645s] Level 1:colcon.colcon_core.package_identification:_identify(.) by extensions ['ignore', 'ignore_ament_install']
[0.645s] Level 1:colcon.colcon_core.package_identification:_identify(.) by extension 'ignore'
[0.645s] Level 1:colcon.colcon_core.package_identification:_identify(.) by extension 'ignore_ament_install'
[0.645s] Level 1:colcon.colcon_core.package_identification:_identify(.) by extensions ['colcon_pkg']
[0.645s] Level 1:colcon.colcon_core.package_identification:_identify(.) by extension 'colcon_pkg'
[0.645s] Level 1:colcon.colcon_core.package_identification:_identify(.) by extensions ['colcon_meta']
[0.645s] Level 1:colcon.colcon_core.package_identification:_identify(.) by extension 'colcon_meta'
[0.645s] Level 1:colcon.colcon_core.package_identification:_identify(.) by extensions ['ros']
[0.645s] Level 1:colcon.colcon_core.package_identification:_identify(.) by extension 'ros'
[0.668s] DEBUG:colcon.colcon_core.package_identification:Package '.' with type 'ros.ament_cmake' and name 'my_robot_description'
[0.668s] Level 1:colcon.colcon_core.package_discovery:discover_packages(recursive) using defaults
[0.668s] Level 1:colcon.colcon_core.package_discovery:discover_packages(ignore) discover
[0.668s] Level 1:colcon.colcon_core.package_discovery:discover_packages(ignore) using defaults
[0.668s] Level 1:colcon.colcon_core.package_discovery:discover_packages(path) discover
[0.668s] Level 1:colcon.colcon_core.package_discovery:discover_packages(path) using defaults
[0.704s] Level 1:colcon.colcon_core.package_discovery:discover_packages(prefix_path) check parameters
[0.705s] Level 1:colcon.colcon_core.package_discovery:discover_packages(prefix_path) discover
[0.709s] DEBUG:colcon.colcon_installed_package_information.package_discovery:Found 3 installed packages in /home/omardahy/omar_ws/install
[0.713s] DEBUG:colcon.colcon_installed_package_information.package_discovery:Found 325 installed packages in /opt/ros/humble
[0.728s] Level 1:colcon.colcon_core.package_discovery:discover_packages(prefix_path) using defaults
[0.812s] Level 5:colcon.colcon_core.verb:set package 'my_robot_description' build argument 'cmake_args' from command line to 'None'
[0.812s] Level 5:colcon.colcon_core.verb:set package 'my_robot_description' build argument 'cmake_target' from command line to 'None'
[0.813s] Level 5:colcon.colcon_core.verb:set package 'my_robot_description' build argument 'cmake_target_skip_unavailable' from command line to 'False'
[0.813s] Level 5:colcon.colcon_core.verb:set package 'my_robot_description' build argument 'cmake_clean_cache' from command line to 'False'
[0.813s] Level 5:colcon.colcon_core.verb:set package 'my_robot_description' build argument 'cmake_clean_first' from command line to 'False'
[0.813s] Level 5:colcon.colcon_core.verb:set package 'my_robot_description' build argument 'cmake_force_configure' from command line to 'False'
[0.813s] Level 5:colcon.colcon_core.verb:set package 'my_robot_description' build argument 'ament_cmake_args' from command line to 'None'
[0.813s] Level 5:colcon.colcon_core.verb:set package 'my_robot_description' build argument 'catkin_cmake_args' from command line to 'None'
[0.813s] Level 5:colcon.colcon_core.verb:set package 'my_robot_description' build argument 'catkin_skip_building_tests' from command line to 'False'
[0.813s] DEBUG:colcon.colcon_core.verb:Building package 'my_robot_description' with the following arguments: {'ament_cmake_args': None, 'build_base': '/home/omardahy/omar_ws/src/my_robot_description/build/my_robot_description', 'catkin_cmake_args': None, 'catkin_skip_building_tests': False, 'cmake_args': None, 'cmake_clean_cache': False, 'cmake_clean_first': False, 'cmake_force_configure': False, 'cmake_target': None, 'cmake_target_skip_unavailable': False, 'install_base': '/home/omardahy/omar_ws/src/my_robot_description/install/my_robot_description', 'merge_install': False, 'path': '/home/omardahy/omar_ws/src/my_robot_description', 'symlink_install': False, 'test_result_base': None}
[0.813s] INFO:colcon.colcon_core.executor:Executing jobs using 'parallel' executor
[0.815s] DEBUG:colcon.colcon_parallel_executor.executor.parallel:run_until_complete
[0.815s] INFO:colcon.colcon_ros.task.ament_cmake.build:Building ROS package in '/home/omardahy/omar_ws/src/my_robot_description' with build type 'ament_cmake'
[0.815s] INFO:colcon.colcon_cmake.task.cmake.build:Building CMake package in '/home/omardahy/omar_ws/src/my_robot_description'
[0.822s] INFO:colcon.colcon_core.plugin_system:Skipping extension 'colcon_core.shell.bat': Not used on non-Windows systems
[0.822s] INFO:colcon.colcon_core.shell:Skip shell extension 'powershell' for command environment: Not usable outside of PowerShell
[0.822s] DEBUG:colcon.colcon_core.shell:Skip shell extension 'dsv' for command environment
[0.858s] DEBUG:colcon.colcon_core.event_handler.log_command:Invoking command in '/home/omardahy/omar_ws/src/my_robot_description/build/my_robot_description': CMAKE_PREFIX_PATH=${CMAKE_PREFIX_PATH}:/opt/ros/humble /usr/bin/cmake --build /home/omardahy/omar_ws/src/my_robot_description/build/my_robot_description -- -j16 -l16
[1.642s] DEBUG:colcon.colcon_core.event_handler.log_command:Invoked command in '/home/omardahy/omar_ws/src/my_robot_description/build/my_robot_description' returned '0': CMAKE_PREFIX_PATH=${CMAKE_PREFIX_PATH}:/opt/ros/humble /usr/bin/cmake --build /home/omardahy/omar_ws/src/my_robot_description/build/my_robot_description -- -j16 -l16
[1.664s] DEBUG:colcon.colcon_core.event_handler.log_command:Invoking command in '/home/omardahy/omar_ws/src/my_robot_description/build/my_robot_description': CMAKE_PREFIX_PATH=${CMAKE_PREFIX_PATH}:/opt/ros/humble /usr/bin/cmake --install /home/omardahy/omar_ws/src/my_robot_description/build/my_robot_description
[1.694s] Level 1:colcon.colcon_core.environment:create_environment_scripts_only(my_robot_description)
[1.695s] DEBUG:colcon.colcon_core.event_handler.log_command:Invoked command in '/home/omardahy/omar_ws/src/my_robot_description/build/my_robot_description' returned '0': CMAKE_PREFIX_PATH=${CMAKE_PREFIX_PATH}:/opt/ros/humble /usr/bin/cmake --install /home/omardahy/omar_ws/src/my_robot_description/build/my_robot_description
[1.702s] Level 1:colcon.colcon_core.environment:checking '/home/omardahy/omar_ws/src/my_robot_description/install/my_robot_description' for CMake module files
[1.703s] Level 1:colcon.colcon_core.environment:checking '/home/omardahy/omar_ws/src/my_robot_description/install/my_robot_description' for CMake config files
[1.704s] Level 1:colcon.colcon_core.shell:create_environment_hook('my_robot_description', 'cmake_prefix_path')
[1.704s] INFO:colcon.colcon_core.shell:Creating environment hook '/home/omardahy/omar_ws/src/my_robot_description/install/my_robot_description/share/my_robot_description/hook/cmake_prefix_path.ps1'
[1.705s] INFO:colcon.colcon_core.shell:Creating environment descriptor '/home/omardahy/omar_ws/src/my_robot_description/install/my_robot_description/share/my_robot_description/hook/cmake_prefix_path.dsv'
[1.706s] INFO:colcon.colcon_core.shell:Creating environment hook '/home/omardahy/omar_ws/src/my_robot_description/install/my_robot_description/share/my_robot_description/hook/cmake_prefix_path.sh'
[1.708s] Level 1:colcon.colcon_core.environment:checking '/home/omardahy/omar_ws/src/my_robot_description/install/my_robot_description/bin'
[1.708s] Level 1:colcon.colcon_core.environment:checking '/home/omardahy/omar_ws/src/my_robot_description/install/my_robot_description/lib/pkgconfig/my_robot_description.pc'
[1.708s] Level 1:colcon.colcon_core.environment:checking '/home/omardahy/omar_ws/src/my_robot_description/install/my_robot_description/lib/python3.10/site-packages'
[1.709s] Level 1:colcon.colcon_core.environment:checking '/home/omardahy/omar_ws/src/my_robot_description/install/my_robot_description/bin'
[1.709s] INFO:colcon.colcon_core.shell:Creating package script '/home/omardahy/omar_ws/src/my_robot_description/install/my_robot_description/share/my_robot_description/package.ps1'
[1.711s] INFO:colcon.colcon_core.shell:Creating package descriptor '/home/omardahy/omar_ws/src/my_robot_description/install/my_robot_description/share/my_robot_description/package.dsv'
[1.712s] INFO:colcon.colcon_core.shell:Creating package script '/home/omardahy/omar_ws/src/my_robot_description/install/my_robot_description/share/my_robot_description/package.sh'
[1.713s] INFO:colcon.colcon_core.shell:Creating package script '/home/omardahy/omar_ws/src/my_robot_description/install/my_robot_description/share/my_robot_description/package.bash'
[1.714s] INFO:colcon.colcon_core.shell:Creating package script '/home/omardahy/omar_ws/src/my_robot_description/install/my_robot_description/share/my_robot_description/package.zsh'
[1.715s] Level 1:colcon.colcon_core.environment:create_file_with_runtime_dependencies(/home/omardahy/omar_ws/src/my_robot_description/install/my_robot_description/share/colcon-core/packages/my_robot_description)
[1.717s] Level 1:colcon.colcon_core.environment:create_environment_scripts_only(my_robot_description)
[1.717s] Level 1:colcon.colcon_core.environment:checking '/home/omardahy/omar_ws/src/my_robot_description/install/my_robot_description' for CMake module files
[1.718s] Level 1:colcon.colcon_core.environment:checking '/home/omardahy/omar_ws/src/my_robot_description/install/my_robot_description' for CMake config files
[1.719s] Level 1:colcon.colcon_core.shell:create_environment_hook('my_robot_description', 'cmake_prefix_path')
[1.719s] INFO:colcon.colcon_core.shell:Creating environment hook '/home/omardahy/omar_ws/src/my_robot_description/install/my_robot_description/share/my_robot_description/hook/cmake_prefix_path.ps1'
[1.720s] INFO:colcon.colcon_core.shell:Creating environment descriptor '/home/omardahy/omar_ws/src/my_robot_description/install/my_robot_description/share/my_robot_description/hook/cmake_prefix_path.dsv'
[1.721s] INFO:colcon.colcon_core.shell:Creating environment hook '/home/omardahy/omar_ws/src/my_robot_description/install/my_robot_description/share/my_robot_description/hook/cmake_prefix_path.sh'
[1.722s] Level 1:colcon.colcon_core.environment:checking '/home/omardahy/omar_ws/src/my_robot_description/install/my_robot_description/bin'
[1.722s] Level 1:colcon.colcon_core.environment:checking '/home/omardahy/omar_ws/src/my_robot_description/install/my_robot_description/lib/pkgconfig/my_robot_description.pc'
[1.723s] Level 1:colcon.colcon_core.environment:checking '/home/omardahy/omar_ws/src/my_robot_description/install/my_robot_description/lib/python3.10/site-packages'
[1.723s] Level 1:colcon.colcon_core.environment:checking '/home/omardahy/omar_ws/src/my_robot_description/install/my_robot_description/bin'
[1.723s] INFO:colcon.colcon_core.shell:Creating package script '/home/omardahy/omar_ws/src/my_robot_description/install/my_robot_description/share/my_robot_description/package.ps1'
[1.725s] INFO:colcon.colcon_core.shell:Creating package descriptor '/home/omardahy/omar_ws/src/my_robot_description/install/my_robot_description/share/my_robot_description/package.dsv'
[1.726s] INFO:colcon.colcon_core.shell:Creating package script '/home/omardahy/omar_ws/src/my_robot_description/install/my_robot_description/share/my_robot_description/package.sh'
[1.727s] INFO:colcon.colcon_core.shell:Creating package script '/home/omardahy/omar_ws/src/my_robot_description/install/my_robot_description/share/my_robot_description/package.bash'
[1.727s] INFO:colcon.colcon_core.shell:Creating package script '/home/omardahy/omar_ws/src/my_robot_description/install/my_robot_description/share/my_robot_description/package.zsh'
[1.728s] Level 1:colcon.colcon_core.environment:create_file_with_runtime_dependencies(/home/omardahy/omar_ws/src/my_robot_description/install/my_robot_description/share/colcon-core/packages/my_robot_description)
[1.729s] DEBUG:colcon.colcon_parallel_executor.executor.parallel:closing loop
[1.730s] DEBUG:colcon.colcon_parallel_executor.executor.parallel:loop closed
[1.730s] DEBUG:colcon.colcon_parallel_executor.executor.parallel:run_until_complete finished with '0'
[1.730s] DEBUG:colcon.colcon_core.event_reactor:joining thread
[1.742s] INFO:colcon.colcon_core.plugin_system:Skipping extension 'colcon_notification.desktop_notification.terminal_notifier': Not used on non-Darwin systems
[1.743s] INFO:colcon.colcon_core.plugin_system:Skipping extension 'colcon_notification.desktop_notification.win32': Not used on non-Windows systems
[1.743s] INFO:colcon.colcon_notification.desktop_notification:Sending desktop notification using 'notify2'
[1.769s] DEBUG:colcon.colcon_core.event_reactor:joined thread
[1.769s] INFO:colcon.colcon_core.shell:Creating prefix script '/home/omardahy/omar_ws/src/my_robot_description/install/local_setup.ps1'
[1.771s] INFO:colcon.colcon_core.shell:Creating prefix util module '/home/omardahy/omar_ws/src/my_robot_description/install/_local_setup_util_ps1.py'
[1.776s] INFO:colcon.colcon_core.shell:Creating prefix chain script '/home/omardahy/omar_ws/src/my_robot_description/install/setup.ps1'
[1.780s] INFO:colcon.colcon_core.shell:Creating prefix script '/home/omardahy/omar_ws/src/my_robot_description/install/local_setup.sh'
[1.784s] INFO:colcon.colcon_core.shell:Creating prefix util module '/home/omardahy/omar_ws/src/my_robot_description/install/_local_setup_util_sh.py'
[1.785s] INFO:colcon.colcon_core.shell:Creating prefix chain script '/home/omardahy/omar_ws/src/my_robot_description/install/setup.sh'
[1.788s] INFO:colcon.colcon_core.shell:Creating prefix script '/home/omardahy/omar_ws/src/my_robot_description/install/local_setup.bash'
[1.789s] INFO:colcon.colcon_core.shell:Creating prefix chain script '/home/omardahy/omar_ws/src/my_robot_description/install/setup.bash'
[1.791s] INFO:colcon.colcon_core.shell:Creating prefix script '/home/omardahy/omar_ws/src/my_robot_description/install/local_setup.zsh'
[1.801s] INFO:colcon.colcon_core.shell:Creating prefix chain script '/home/omardahy/omar_ws/src/my_robot_description/install/setup.zsh'
